[www.valleyconstructionsupply.com/index.html]
[backblue.gif]
[fade.gif]
[index.html]
[www.valleyconstructionsupply.com/apple-touch-icon.png]
[www.valleyconstructionsupply.com/favicon-32x326654.png]
[www.valleyconstructionsupply.com/favicon-16x166654.png]
[www.valleyconstructionsupply.com/site.webmanifest]
[www.valleyconstructionsupply.com/safari-pinned-tab.svg]
[www.valleyconstructionsupply.com/images/landing-m.webp]
[www.valleyconstructionsupply.com/fonts/poppins-v19-latin-regular.woff2]
[www.valleyconstructionsupply.com/fonts/roboto-v29-latin-900.woff2]
[www.valleyconstructionsupply.com/css/root-styles.css]
[www.valleyconstructionsupply.com/css/style.css]
[www.valleyconstructionsupply.com/css/hamburgers.css]
[ajax.googleapis.com/ajax/libs/jquery/3.4.1/jquery.min.js]
[kit.fontawesome.com/4f8f1d146c.js]
[d33wubrfki0l68.cloudfront.net/003187521ace13be4da421cba6722e220275221c/f2f94/images/vcs-black.png]
[d33wubrfki0l68.cloudfront.net/3cc3c658a4e8cf7c2326322fbc464df0968f410c/ad83c/images/current-logo.png]
[www.valleyconstructionsupply.com/html/about.html]
[www.valleyconstructionsupply.com/html/services.html]
[www.valleyconstructionsupply.com/html/rebar-fabrication.html]
[www.valleyconstructionsupply.com/html/concrete.html]
[www.valleyconstructionsupply.com/html/materials.html]
[www.valleyconstructionsupply.com/html/simpson-strong-tie.html]
[www.valleyconstructionsupply.com/html/nds.html]
[www.valleyconstructionsupply.com/html/boman-kemp.html]
[www.valleyconstructionsupply.com/html/promotions.html]
[www.valleyconstructionsupply.com/html/education.html]
[www.valleyconstructionsupply.com/html/contact.html]
[www.valleyconstructionsupply.com/html/jobs.html]
[www.valleyconstructionsupply.com/html/apply.html]
[www.valleyconstructionsupply.com/html/nds-residential-drainage-products.html]
[www.valleyconstructionsupply.com/html/nds-commercial-products.html]
[www.valleyconstructionsupply.com/html/contact-2.html]
[www.valleyconstructionsupply.com/html/promotions-2.html]
[www.valleyconstructionsupply.com/html/materials-2.html]
[www.valleyconstructionsupply.com/html/rebar-fabrication-2.html]
[d33wubrfki0l68.cloudfront.net/a4cc3928d4dd622cde96af98dd74d6d150368ac7/fdeee/images/worker.jpg]
[www.valleyconstructionsupply.com/html/about-2.html]
[www.valleyconstructionsupply.com/html/simpson-strong-tie-2.html]
[www.valleyconstructionsupply.com/html/nds-2.html]
[www.valleyconstructionsupply.com/html/boman-kemp-2.html]
[d33wubrfki0l68.cloudfront.net/83fcab1c38f9cc504bd790b38f2f2a70bd9d3d58/1b124/images/seismic.jpg]
[d33wubrfki0l68.cloudfront.net/d1ac91700c459001d4a8b434bbbe6064739bef1e/155d4/images/net-zero.jpg]
[d33wubrfki0l68.cloudfront.net/5d5f69290d46f8c9d578db44f91f0ebc38952a12/dcb9b/images/green-building.jpg]
[d33wubrfki0l68.cloudfront.net/ea21de291f1d2193e7397e0a2a3fb1a57088131e/fff1f/images/valley-exterior.jpg]
[www.valleyconstructionsupply.com/html/services-2.html]
[d33wubrfki0l68.cloudfront.net/054c9d469fc0b02198ae35561a2a112698f1a7e0/2ab58/images/wey.png]
[www.valleyconstructionsupply.com/images/KW Logo_Standard.png]
[d33wubrfki0l68.cloudfront.net/9011059c6da1659d89a70d596cf62b1cfec07f64/c278f/images/strong-tie.jpg]
[d33wubrfki0l68.cloudfront.net/30b1d5728e06c099ffc3671e7563b6aa875668d4/612b0/images/insulfoam.jpg]
[d33wubrfki0l68.cloudfront.net/20f65a4efc6c5eb37352458da650539814224e1d/228e1/images/advantech-big.png]
[d33wubrfki0l68.cloudfront.net/e4b67b3b585d56e81f15ad35606f0b43267e8aaf/f88c0/images/superanchor.png]
[www.valleyconstructionsupply.com/images/Gene Gierek-copy.jpg]
[www.valleyconstructionsupply.com/images/Gus Laramore-copy.jpg]
[www.valleyconstructionsupply.com/images/Jeff Buxton-copy.jpg]
[www.valleyconstructionsupply.com/images/Joe Garcia-copy.jpg]
[www.valleyconstructionsupply.com/images/Mark Howard-copy.jpg]
[www.valleyconstructionsupply.com/index.html]
[www.valleyconstructionsupply.com/safari-pinned-tab.svg]
[d33wubrfki0l68.cloudfront.net/js/915db94b6513d0ac1233233155c1fedd9c5b39ed/app.js]
[www.valleyconstructionsupply.com/fonts/roboto-v29-latin-regular.woff2]
[www.valleyconstructionsupply.com/fonts/roboto-v29-latin-regular.woff]
[www.valleyconstructionsupply.com/fonts/roboto-v29-latin-700.woff2]
[www.valleyconstructionsupply.com/fonts/roboto-v29-latin-700.woff]
[www.valleyconstructionsupply.com/fonts/roboto-v29-latin-900.woff]
[www.valleyconstructionsupply.com/fonts/poppins-v19-latin-regular.woff]
[www.valleyconstructionsupply.com/fonts/poppins-v19-latin-700.woff2]
[www.valleyconstructionsupply.com/fonts/poppins-v19-latin-700.woff]
[www.valleyconstructionsupply.com/images/Project-1.jpg]
[www.valleyconstructionsupply.com/images/blueprint.jpg]
[www.valleyconstructionsupply.com/css/root-styles.css]
[www.valleyconstructionsupply.com/images/construction.jpg]
[www.valleyconstructionsupply.com/images/promotional.jpg]
[www.valleyconstructionsupply.com/images/concrete.jpg]
[www.valleyconstructionsupply.com/css/style.css]
[www.valleyconstructionsupply.com/css/hamburgers.css]
[www.valleyconstructionsupply.com/css/about.css]
[unpkg.com/aos@next/dist/aos.46.delayed]
[unpkg.com/aos@3.0.0-beta.6/dist/aos.css]
[d33wubrfki0l68.cloudfront.net/18f3daeb11a66edb51b22cd8b782460c4c8ade65/de530/images/kyle-dark-logo.png]
[d33wubrfki0l68.cloudfront.net/8218ca0cdfe41873c7656628497e43ebb07e1c0a/d20a2/images/scaffold.jpg]
[www.valleyconstructionsupply.com/images/valley v.png]
[www.valleyconstructionsupply.com/images/JOHN L WILLIAMS.jpg]
[www.valleyconstructionsupply.com/images/JON WOLD.jpg]
[d33wubrfki0l68.cloudfront.net/b47de81ab32fa5088b5a93244ef60d82b98aa4da/f677b/images/bass.jpg]
[www.valleyconstructionsupply.com/images/DAVE PUGSLEY.jpg]
[www.valleyconstructionsupply.com/html/inside-sales.html]
[www.valleyconstructionsupply.com/html/outside-sales.html]
[www.valleyconstructionsupply.com/html/warehouse.html]
[www.valleyconstructionsupply.com/html/warehouse-driver.html]
[www.valleyconstructionsupply.com/html/jobs-2.html]
[d33wubrfki0l68.cloudfront.net/1c23766d669b5b27055660357509d939f3b3e45c/a7ba0/images/kyle-white.png]
[unpkg.com/aos@next/dist/aos.js]
[unpkg.com/aos@3.0.0-beta.6/dist/aos.js]
[code.jquery.com/jquery-3.3.1.slim.min.js]
[cdnjs.cloudflare.com/ajax/libs/popper.js/1.14.7/umd/popper.min.js]
[www.valleyconstructionsupply.com/html/about.html]
[stackpath.bootstrapcdn.com/bootstrap/4.3.1/js/bootstrap.min.js]
[www.valleyconstructionsupply.com/html/services.html]
[www.valleyconstructionsupply.com/css/services.css]
[www.valleyconstructionsupply.com/css/rebar-fabrication.css]
[d33wubrfki0l68.cloudfront.net/c057f461de0b83a20112f39ac0d3fa01fcc46a9c/238e4/images/rebar.jpg]
[www.valleyconstructionsupply.com/html/rebar-fabrication.html]
[www.valleyconstructionsupply.com/css/concrete.css]
[d33wubrfki0l68.cloudfront.net/images/1ba63154aab986cb8263d8a4aac5d4bc69799388/concrete.jpg]
[www.valleyconstructionsupply.com/html/concrete.html]
[www.valleyconstructionsupply.com/css/materials.css]
[d33wubrfki0l68.cloudfront.net/b5096034f494362d453e0b2263612b4424f80811/31668/images/screw.png]
[d33wubrfki0l68.cloudfront.net/4f83b9eb2a8aa195992f2202e8e8810b6266d58a/f8bc3/images/advantech.jpg]
[d33wubrfki0l68.cloudfront.net/b0556e177b60a0943d7ad5289de4264c3cc48edb/572f0/images/activar.jpg]
[d33wubrfki0l68.cloudfront.net/a6837dff0efa8726a9a1d61e8daddf67551ec712/6de2d/images/jl-industries.png]
[d33wubrfki0l68.cloudfront.net/59e52655c34645a0056ace0cf67979b7dd2c7664/fe6a7/images/quick-flash.jpg]
[d33wubrfki0l68.cloudfront.net/f74447af8005c12028f52b84833e1a1a1e866c7d/fb113/images/meadow-burke.png]
[d33wubrfki0l68.cloudfront.net/133e8d5a85390f3d77612868d75fc64f85e7cef8/a57b0/images/joto-vent.png]
[d33wubrfki0l68.cloudfront.net/dd85bba3d941b04f4ef3d633ae2da52364638436/2970d/images/super-anchor.png]
[www.valleyconstructionsupply.com/html/materials.html]
[www.valleyconstructionsupply.com/css/simpson.css]
[d33wubrfki0l68.cloudfront.net/acff7d9cac3e7a8be59afa6b36f192c8695add8d/2a6f2/images/valley-and-simpson.png]
[d33wubrfki0l68.cloudfront.net/ad2c5a00d8b94e97b3e562bff6f0a3386f09fb46/9798d/images/old-home.jpg]
[d33wubrfki0l68.cloudfront.net/684e6b0ea3c7aa92e2e45a9a7c2f91326755548e/3c42e/images/anchoring.jpg]
[www.valleyconstructionsupply.com/html/simpson-strong-tie.html]
[www.valleyconstructionsupply.com/css/nds.css]
[www.valleyconstructionsupply.com/html/nds-residential-drainage-products-2.html]
[www.valleyconstructionsupply.com/html/nds-commercial-products-2.html]
[d33wubrfki0l68.cloudfront.net/089943e5a61ad9a60fa928fec02b36627eda506d/d7c45/images/nds-graphic.jpg]
[www.valleyconstructionsupply.com/html/nds.html]
[www.valleyconstructionsupply.com/css/boman.css]
[d33wubrfki0l68.cloudfront.net/images/cc19c821f5ffdfcb6c539ef1e0ae825bcdd07201/boman1.png]
[d33wubrfki0l68.cloudfront.net/effa3e0327618f1120fb779105cf299fac0ec370/30e1d/images/bowman4.jpg]
[www.valleyconstructionsupply.com/html/boman-kemp.html]
[www.valleyconstructionsupply.com/css/promotions.css]
[d33wubrfki0l68.cloudfront.net/263778c93e6583bee3c47068713a056583aae308/aa4ab/images/group.png]
[d33wubrfki0l68.cloudfront.net/14de0f36865a2062a492101bdc962d05279644ee/0826b/images/advantech-mobile.jpg]
[www.valleyconstructionsupply.com/html/promotions.html]
[www.valleyconstructionsupply.com/css/education.css]
[d33wubrfki0l68.cloudfront.net/c0c57882d57bbdeb0833096755674cd5512313f7/4a68c/images/vid8.jpg]
[d33wubrfki0l68.cloudfront.net/e438dd4ec051de7ac36af7efded816de0e1ad909/12511/images/vid7.jpg]
[d33wubrfki0l68.cloudfront.net/49cd53aece939f7d94a5c30838bc4f140db1255c/5eac6/images/video2.jpg]
[d33wubrfki0l68.cloudfront.net/b13cdafe450c42a08337531a3c289f189250200a/c395b/images/video3.jpg]
[d33wubrfki0l68.cloudfront.net/4b25ed7deb362a0699059dfdd12fa299764338d9/4a54e/images/video4.jpg]
[www.valleyconstructionsupply.com/html/education.html]
[www.valleyconstructionsupply.com/css/contact.css]
[www.google.com/recaptcha/api.js]
[www.valleyconstructionsupply.com/html/contact.html]
[www.valleyconstructionsupply.com/css/jobs.css]
[www.valleyconstructionsupply.com/html/jobs.html]
[www.valleyconstructionsupply.com/images/General Employment Application.pdf]
[www.valleyconstructionsupply.com/css/apply.css]
[www.valleyconstructionsupply.com/html/apply.html]
[www.valleyconstructionsupply.com/css/nds-pro-series.css]
[www.valleyconstructionsupply.com/images/credit-app-latest.pdf]
[d33wubrfki0l68.cloudfront.net/fc85be38890babab166a227112ac633b5194c102/0df89/images/nds-catch-basin.png]
[d33wubrfki0l68.cloudfront.net/images/0213abc8dc4a1a4a24d3d9ef7729c7ad5dd5c8f3/ezflow.png]
[d33wubrfki0l68.cloudfront.net/images/bed1d30391363828d778f0c40b3d03d8d78affcf/flo-well.png]
[www.valleyconstructionsupply.com/html/nds-residential-drainage-products.html]
[d33wubrfki0l68.cloudfront.net/bf84877dd96b183ab132bb236f400aec8f199202/86c98/images/nds-pro-series.png]
[d33wubrfki0l68.cloudfront.net/956c7ab5b1d404ccdc5b62815296fd3982f4a995/298fe/images/dura-slope.png]
[d33wubrfki0l68.cloudfront.net/50e0775cfad261ad1e73f23dbb5fa278903b91c4/1eabe/images/filcoten.png]
[www.valleyconstructionsupply.com/html/nds-commercial-products.html]
[www.valleyconstructionsupply.com/html/contact-2.html]
[www.valleyconstructionsupply.com/html/promotions-2.html]
[www.valleyconstructionsupply.com/html/materials-2.html]
[www.valleyconstructionsupply.com/html/rebar-fabrication-2.html]
[www.valleyconstructionsupply.com/html/about-2.html]
[www.valleyconstructionsupply.com/html/simpson-strong-tie-2.html]
[www.valleyconstructionsupply.com/html/nds-2.html]
[www.valleyconstructionsupply.com/html/boman-kemp-2.html]
[www.valleyconstructionsupply.com/html/services-2.html]
[www.valleyconstructionsupply.com/images/Random-2.jpg]
[www.valleyconstructionsupply.com/images/stock-1.jpg]
[www.valleyconstructionsupply.com/images/weird.jpg]
[www.valleyconstructionsupply.com/css/about.css]
[unpkg.com/aos@3.0.0-beta.6/dist/aos.css]
[www.valleyconstructionsupply.com/css/inside.css]
[www.valleyconstructionsupply.com/html/inside-sales.html]
[www.valleyconstructionsupply.com/html/outside-sales.html]
[www.valleyconstructionsupply.com/html/warehouse.html]
[www.valleyconstructionsupply.com/html/warehouse-driver.html]
[www.valleyconstructionsupply.com/html/jobs-2.html]
[www.valleyconstructionsupply.com/images/General Employment application-2.pdf]
[www.valleyconstructionsupply.com/images/services.jpg]
[www.valleyconstructionsupply.com/images/sparks.jpg]
[www.valleyconstructionsupply.com/css/services.css]
[www.valleyconstructionsupply.com/images/rebar-2.jpg]
[www.valleyconstructionsupply.com/images/rebar-3.jpg]
[www.valleyconstructionsupply.com/css/rebar-fabrication.css]
[www.valleyconstructionsupply.com/images/cement.jpg]
[www.valleyconstructionsupply.com/images/concrete-wall.jpg]
[www.valleyconstructionsupply.com/css/concrete.css]
[www.valleyconstructionsupply.com/images/materials.jpg]
[www.valleyconstructionsupply.com/css/materials.css]
[www.valleyconstructionsupply.com/images/nds-banner.jpg]
[www.valleyconstructionsupply.com/images/parking-lot.jpg]
[www.valleyconstructionsupply.com/css/simpson.css]
[www.valleyconstructionsupply.com/images/flo-well.png]
[www.valleyconstructionsupply.com/images/i2.jpg]
[www.valleyconstructionsupply.com/images/i3.jpg]
[www.valleyconstructionsupply.com/images/ezflow.png]
[www.valleyconstructionsupply.com/css/nds.css]
[www.valleyconstructionsupply.com/html/nds-residential-drainage-products-2.html]
[www.valleyconstructionsupply.com/html/nds-commercial-products-2.html]
[www.valleyconstructionsupply.com/images/bowman7.jpg]
[www.valleyconstructionsupply.com/images/bowman9-mobile.jpg]
[www.valleyconstructionsupply.com/images/bowman9.jpg]
[www.valleyconstructionsupply.com/css/boman.css]
[www.valleyconstructionsupply.com/images/Product-1.jpg]
[www.valleyconstructionsupply.com/images/advantech-product.jpg]
[www.valleyconstructionsupply.com/images/boman1.png]
[www.valleyconstructionsupply.com/images/joto-promo.png]
[www.valleyconstructionsupply.com/images/group-2.png]
[www.valleyconstructionsupply.com/css/promotions.css]
[www.valleyconstructionsupply.com/css/education.css]
[www.valleyconstructionsupply.com/css/contact.css]
[www.valleyconstructionsupply.com/images/interview.jpg]
[www.valleyconstructionsupply.com/css/jobs.css]
[www.valleyconstructionsupply.com/images/application.jpg]
[www.valleyconstructionsupply.com/css/apply.css]
[www.valleyconstructionsupply.com/css/nds-pro-series.css]
[www.valleyconstructionsupply.com/css/nds-residential.css]
[www.valleyconstructionsupply.com/css/inside.css]
